[howtoputafishhookonyourhat.wordpress.com/index.html]
[backblue.gif]
[fade.gif]
[index.html]
[howtoputafishhookonyourhat.wordpress.com/feed/index.html]
[howtoputafishhookonyourhat.wordpress.com/comments/feed/index.html]
[s2.wp.com/wp-content/plugins/gutenberg-core/v18.4.1/build/block-library/blocks/navigation/style7204.css]
[howtoputafishhookonyourhat.wordpress.com/xmlrpc0db0.php]
[s2.wp.com/i/webclip.png]
[howtoputafishhookonyourhat.wordpress.com/osd.xml]
[s2.wp.com/wp-includes/js/dist/vendor/wp-polyfill-importmap.mine150.js]
[s1.wp.com/wp-content/plugins/gutenberg-core/v18.4.1/build/interactivity/navigation.minc65f.js]
[s0.wp.com/wp-content/plugins/gutenberg-core/v18.4.1/build/interactivity/index.minc65f.js]
[howtoputafishhookonyourhat.wordpress.com/wp-content/uploads/2023/03/hat2dff.jpg]
[howtoputafishhookonyourhat.wordpress.com/sample-page/index.html]
[howtoputafishhookonyourhat.wordpress.com/wp-content/uploads/2023/03/hat22dff.jpg]
[0.gravatar.com/js/hovercards/hovercards.min47d9.js]
[s2.wp.com/wp-content/mu-plugins/gravatar-hovercards/wpgrohoe8bd.js]
[howtoputafishhookonyourhat.wordpress.com/GET]
[s2.wp.com/i/logo/wpcom-gray-white.png]
[s0.wp.com/wp-content/mu-plugins/actionbar/actionbarf84d.css]
[s0.wp.com/wp-content/mu-plugins/actionbar/actionbar4dc1.js]
[howtoputafishhookonyourhat.wordpress.com/wp-content/plugins/ie-sitemode/custom-jumplist.php]
[s1.wp.com/_static/indexd98a.html]
[stats.wp.com/w735b.js]
[pixel.wp.com/b0b80.gif]
[howtoputafishhookonyourhat.wordpress.com/index.html]
[s1.wp.com/wp-content/mu-plugins/wpcom-theme-compat/blockbase216b.css]
[s2.wp.com/wp-content/plugins/gutenberg-core/v18.4.1/build/block-library/blocks/navigation/style7204.css]
[s1.wp.com/_static/indexd02a.html]
[s2.wp.com/wp-content/themes/h4/globalf753.css]
[howtoputafishhookonyourhat.wordpress.com/sample-page/GET]
[howtoputafishhookonyourhat.wordpress.com/sample-page/index.html]
[howtoputafishhookonyourhat.wordpress.com/GET.html]
[s0.wp.com/wp-content/mu-plugins/actionbar/actionbarf84d.css]
[howtoputafishhookonyourhat.wordpress.com/sample-page/GET.html]
[howtoputafishhookonyourhat.wordpress.com/wp-content/js/bilmur.min60b2.js]
